c:\users\graeme\documents\github\deltaengine\deltaengine\dep\freetype\objs\x64\release static\freetype.lib.pdb
c:\users\graeme\documents\github\deltaengine\deltaengine\dep\freetype\objs\x64\release static\ftdebug.obj
c:\users\graeme\documents\github\deltaengine\deltaengine\dep\freetype\objs\x64\release static\ftfstype.obj
c:\users\graeme\documents\github\deltaengine\deltaengine\dep\freetype\objs\x64\release static\ftpfr.obj
c:\users\graeme\documents\github\deltaengine\deltaengine\dep\freetype\objs\x64\release static\pcf.obj
c:\users\graeme\documents\github\deltaengine\deltaengine\dep\freetype\objs\x64\release static\truetype.obj
c:\users\graeme\documents\github\deltaengine\deltaengine\dep\freetype\objs\x64\release static\ftmm.obj
c:\users\graeme\documents\github\deltaengine\deltaengine\dep\freetype\objs\x64\release static\fttype1.obj
c:\users\graeme\documents\github\deltaengine\deltaengine\dep\freetype\objs\x64\release static\pshinter.obj
c:\users\graeme\documents\github\deltaengine\deltaengine\dep\freetype\objs\x64\release static\autofit.obj
c:\users\graeme\documents\github\deltaengine\deltaengine\dep\freetype\objs\x64\release static\ftlzw.obj
c:\users\graeme\documents\github\deltaengine\deltaengine\dep\freetype\objs\x64\release static\sfnt.obj
c:\users\graeme\documents\github\deltaengine\deltaengine\dep\freetype\objs\x64\release static\ftbitmap.obj
c:\users\graeme\documents\github\deltaengine\deltaengine\dep\freetype\objs\x64\release static\ftcache.obj
c:\users\graeme\documents\github\deltaengine\deltaengine\dep\freetype\objs\x64\release static\smooth.obj
c:\users\graeme\documents\github\deltaengine\deltaengine\dep\freetype\objs\x64\release static\ftgasp.obj
c:\users\graeme\documents\github\deltaengine\deltaengine\dep\freetype\objs\x64\release static\ftwinfnt.obj
c:\users\graeme\documents\github\deltaengine\deltaengine\dep\freetype\objs\x64\release static\psaux.obj
c:\users\graeme\documents\github\deltaengine\deltaengine\dep\freetype\objs\x64\release static\ftgxval.obj
c:\users\graeme\documents\github\deltaengine\deltaengine\dep\freetype\objs\x64\release static\ftsynth.obj
c:\users\graeme\documents\github\deltaengine\deltaengine\dep\freetype\objs\x64\release static\pfr.obj
c:\users\graeme\documents\github\deltaengine\deltaengine\dep\freetype\objs\x64\release static\winfnt.obj
c:\users\graeme\documents\github\deltaengine\deltaengine\dep\freetype\objs\x64\release static\ftbase.obj
c:\users\graeme\documents\github\deltaengine\deltaengine\dep\freetype\objs\x64\release static\psmodule.obj
c:\users\graeme\documents\github\deltaengine\deltaengine\dep\freetype\objs\x64\release static\ftbdf.obj
c:\users\graeme\documents\github\deltaengine\deltaengine\dep\freetype\objs\x64\release static\ftotval.obj
c:\users\graeme\documents\github\deltaengine\deltaengine\dep\freetype\objs\x64\release static\type1cid.obj
c:\users\graeme\documents\github\deltaengine\deltaengine\dep\freetype\objs\x64\release static\type1.obj
c:\users\graeme\documents\github\deltaengine\deltaengine\dep\freetype\objs\x64\release static\ftglyph.obj
c:\users\graeme\documents\github\deltaengine\deltaengine\dep\freetype\objs\x64\release static\bdf.obj
c:\users\graeme\documents\github\deltaengine\deltaengine\dep\freetype\objs\x64\release static\type42.obj
c:\users\graeme\documents\github\deltaengine\deltaengine\dep\freetype\objs\x64\release static\ftcid.obj
c:\users\graeme\documents\github\deltaengine\deltaengine\dep\freetype\objs\x64\release static\ftstroke.obj
c:\users\graeme\documents\github\deltaengine\deltaengine\dep\freetype\objs\x64\release static\raster.obj
c:\users\graeme\documents\github\deltaengine\deltaengine\dep\freetype\objs\x64\release static\ftbbox.obj
c:\users\graeme\documents\github\deltaengine\deltaengine\dep\freetype\objs\x64\release static\ftpatent.obj
c:\users\graeme\documents\github\deltaengine\deltaengine\dep\freetype\objs\x64\release static\cff.obj
c:\users\graeme\documents\github\deltaengine\deltaengine\dep\freetype\objs\x64\release static\ftinit.obj
c:\users\graeme\documents\github\deltaengine\deltaengine\dep\freetype\objs\x64\release static\ftsystem.obj
c:\users\graeme\documents\github\deltaengine\deltaengine\dep\freetype\objs\x64\release static\ftgzip.obj
c:\users\graeme\documents\github\deltaengine\deltaengine\dep\freetype\objs\x64\release static\freetype.lib
c:\users\graeme\documents\github\deltaengine\deltaengine\dep\freetype\objs\x64\release static\ftver.res
c:\users\graeme\documents\github\deltaengine\deltaengine\dep\freetype\objs\x64\release static\freetype.pdb
c:\users\graeme\documents\github\deltaengine\deltaengine\dep\freetype\objs\x64\release static\..\..\..\objs\x64\release static\freetype.pdb
c:\users\graeme\documents\github\deltaengine\deltaengine\dep\freetype\builds\windows\vc2010\..\..\..\objs\x64\release static\freetype.lib
c:\users\graeme\documents\github\deltaengine\deltaengine\dep\freetype\objs\x64\release static\freetype.tlog\cl.command.1.tlog
c:\users\graeme\documents\github\deltaengine\deltaengine\dep\freetype\objs\x64\release static\freetype.tlog\cl.read.1.tlog
c:\users\graeme\documents\github\deltaengine\deltaengine\dep\freetype\objs\x64\release static\freetype.tlog\cl.write.1.tlog
c:\users\graeme\documents\github\deltaengine\deltaengine\dep\freetype\objs\x64\release static\freetype.tlog\lib-link-cvtres.read.1.tlog
c:\users\graeme\documents\github\deltaengine\deltaengine\dep\freetype\objs\x64\release static\freetype.tlog\lib-link-cvtres.write.1.tlog
c:\users\graeme\documents\github\deltaengine\deltaengine\dep\freetype\objs\x64\release static\freetype.tlog\lib.command.1.tlog
c:\users\graeme\documents\github\deltaengine\deltaengine\dep\freetype\objs\x64\release static\freetype.tlog\rc.command.1.tlog
c:\users\graeme\documents\github\deltaengine\deltaengine\dep\freetype\objs\x64\release static\freetype.tlog\rc.read.1.tlog
c:\users\graeme\documents\github\deltaengine\deltaengine\dep\freetype\objs\x64\release static\freetype.tlog\rc.write.1.tlog
