c:\users\graeme\documents\github\deltaengine\deltaengine\dep\freetype\objs\x64\debug static\freetype.lib.pdb
c:\users\graeme\documents\github\deltaengine\deltaengine\dep\freetype\objs\x64\debug static\ftdebug.obj
c:\users\graeme\documents\github\deltaengine\deltaengine\dep\freetype\objs\x64\debug static\ftgxval.obj
c:\users\graeme\documents\github\deltaengine\deltaengine\dep\freetype\objs\x64\debug static\ftwinfnt.obj
c:\users\graeme\documents\github\deltaengine\deltaengine\dep\freetype\objs\x64\debug static\pshinter.obj
c:\users\graeme\documents\github\deltaengine\deltaengine\dep\freetype\objs\x64\debug static\ftbbox.obj
c:\users\graeme\documents\github\deltaengine\deltaengine\dep\freetype\objs\x64\debug static\ftcache.obj
c:\users\graeme\documents\github\deltaengine\deltaengine\dep\freetype\objs\x64\debug static\truetype.obj
c:\users\graeme\documents\github\deltaengine\deltaengine\dep\freetype\objs\x64\debug static\ftbase.obj
c:\users\graeme\documents\github\deltaengine\deltaengine\dep\freetype\objs\x64\debug static\type1cid.obj
c:\users\graeme\documents\github\deltaengine\deltaengine\dep\freetype\objs\x64\debug static\smooth.obj
c:\users\graeme\documents\github\deltaengine\deltaengine\dep\freetype\objs\x64\debug static\autofit.obj
c:\users\graeme\documents\github\deltaengine\deltaengine\dep\freetype\objs\x64\debug static\bdf.obj
c:\users\graeme\documents\github\deltaengine\deltaengine\dep\freetype\objs\x64\debug static\sfnt.obj
c:\users\graeme\documents\github\deltaengine\deltaengine\dep\freetype\objs\x64\debug static\ftbdf.obj
c:\users\graeme\documents\github\deltaengine\deltaengine\dep\freetype\objs\x64\debug static\cff.obj
c:\users\graeme\documents\github\deltaengine\deltaengine\dep\freetype\objs\x64\debug static\type1.obj
c:\users\graeme\documents\github\deltaengine\deltaengine\dep\freetype\objs\x64\debug static\ftfstype.obj
c:\users\graeme\documents\github\deltaengine\deltaengine\dep\freetype\objs\x64\debug static\fttype1.obj
c:\users\graeme\documents\github\deltaengine\deltaengine\dep\freetype\objs\x64\debug static\psaux.obj
c:\users\graeme\documents\github\deltaengine\deltaengine\dep\freetype\objs\x64\debug static\ftcid.obj
c:\users\graeme\documents\github\deltaengine\deltaengine\dep\freetype\objs\x64\debug static\ftsystem.obj
c:\users\graeme\documents\github\deltaengine\deltaengine\dep\freetype\objs\x64\debug static\psmodule.obj
c:\users\graeme\documents\github\deltaengine\deltaengine\dep\freetype\objs\x64\debug static\ftglyph.obj
c:\users\graeme\documents\github\deltaengine\deltaengine\dep\freetype\objs\x64\debug static\ftstroke.obj
c:\users\graeme\documents\github\deltaengine\deltaengine\dep\freetype\objs\x64\debug static\pfr.obj
c:\users\graeme\documents\github\deltaengine\deltaengine\dep\freetype\objs\x64\debug static\ftmm.obj
c:\users\graeme\documents\github\deltaengine\deltaengine\dep\freetype\objs\x64\debug static\ftpfr.obj
c:\users\graeme\documents\github\deltaengine\deltaengine\dep\freetype\objs\x64\debug static\raster.obj
c:\users\graeme\documents\github\deltaengine\deltaengine\dep\freetype\objs\x64\debug static\ftbitmap.obj
c:\users\graeme\documents\github\deltaengine\deltaengine\dep\freetype\objs\x64\debug static\ftsynth.obj
c:\users\graeme\documents\github\deltaengine\deltaengine\dep\freetype\objs\x64\debug static\pcf.obj
c:\users\graeme\documents\github\deltaengine\deltaengine\dep\freetype\objs\x64\debug static\ftinit.obj
c:\users\graeme\documents\github\deltaengine\deltaengine\dep\freetype\objs\x64\debug static\ftpatent.obj
c:\users\graeme\documents\github\deltaengine\deltaengine\dep\freetype\objs\x64\debug static\ftgzip.obj
c:\users\graeme\documents\github\deltaengine\deltaengine\dep\freetype\objs\x64\debug static\winfnt.obj
c:\users\graeme\documents\github\deltaengine\deltaengine\dep\freetype\objs\x64\debug static\ftgasp.obj
c:\users\graeme\documents\github\deltaengine\deltaengine\dep\freetype\objs\x64\debug static\ftotval.obj
c:\users\graeme\documents\github\deltaengine\deltaengine\dep\freetype\objs\x64\debug static\ftlzw.obj
c:\users\graeme\documents\github\deltaengine\deltaengine\dep\freetype\objs\x64\debug static\type42.obj
c:\users\graeme\documents\github\deltaengine\deltaengine\dep\freetype\objs\x64\debug static\freetype.lib
c:\users\graeme\documents\github\deltaengine\deltaengine\dep\freetype\objs\x64\debug static\ftver.res
c:\users\graeme\documents\github\deltaengine\deltaengine\dep\freetype\objs\x64\debug static\freetype.pdb
c:\users\graeme\documents\github\deltaengine\deltaengine\dep\freetype\objs\x64\debug static\..\..\..\objs\x64\debug static\freetype.pdb
c:\users\graeme\documents\github\deltaengine\deltaengine\dep\freetype\builds\windows\vc2010\..\..\..\objs\x64\debug static\freetype.lib
c:\users\graeme\documents\github\deltaengine\deltaengine\dep\freetype\objs\x64\debug static\freetype.tlog\cl.command.1.tlog
c:\users\graeme\documents\github\deltaengine\deltaengine\dep\freetype\objs\x64\debug static\freetype.tlog\cl.read.1.tlog
c:\users\graeme\documents\github\deltaengine\deltaengine\dep\freetype\objs\x64\debug static\freetype.tlog\cl.write.1.tlog
c:\users\graeme\documents\github\deltaengine\deltaengine\dep\freetype\objs\x64\debug static\freetype.tlog\lib-link-cvtres.read.1.tlog
c:\users\graeme\documents\github\deltaengine\deltaengine\dep\freetype\objs\x64\debug static\freetype.tlog\lib-link-cvtres.write.1.tlog
c:\users\graeme\documents\github\deltaengine\deltaengine\dep\freetype\objs\x64\debug static\freetype.tlog\lib.command.1.tlog
c:\users\graeme\documents\github\deltaengine\deltaengine\dep\freetype\objs\x64\debug static\freetype.tlog\rc.command.1.tlog
c:\users\graeme\documents\github\deltaengine\deltaengine\dep\freetype\objs\x64\debug static\freetype.tlog\rc.read.1.tlog
c:\users\graeme\documents\github\deltaengine\deltaengine\dep\freetype\objs\x64\debug static\freetype.tlog\rc.write.1.tlog
